// Jest Snapshot v1, https://goo.gl/fbAQLP

exports[`getComponent should render a text component 1`] = `
<Text
  style={
    Array [
      Object {
        "color": "rgba(0, 0, 0, 0.87)",
        "fontFamily": undefined,
        "fontSize": 16,
        "fontWeight": "400",
      },
      undefined,
    ]
  }
>
  A Text component
</Text>
`;
